// Vitest Snapshot v1, https://vitest.dev/guide/snapshot.html

exports[`generateProjectReport (characterization) > scores the project and stores the report 1`] = `
{
  "categoryScores": {
    "architecture": 76,
    "codeQuality": 0,
    "performance": 84,
    "security": 0,
    "testing": 0,
  },
  "healthScore": 32,
}
`;

exports[`generateProjectReport (characterization) > scores the project and stores the report 2`] = `
[
  "critical security Potential hardcoded secret",
  "critical security Potential hardcoded secret",
  "critical security Potential hardcoded secret",
  "critical security Potential hardcoded secret",
  "critical security Potential hardcoded secret",
  "critical security Potential hardcoded secret",
  "critical security Potential hardcoded secret",
  "critical security Potential hardcoded secret",
  "critical security Potential hardcoded secret",
  "critical security Potential hardcoded secret",
  "high architecture Business logic in route handlers",
  "high codeQuality Large file (1218 lines)",
  "high codeQuality Large file (850 lines)",
  "high codeQuality Complex function veryLong (162 lines)",
  "high testing Low test file coverage signal",
  "high testing Critical area may lack tests",
  "high testing Critical area may lack tests",
  "high testing Critical area may lack tests",
  "high testing Critical area may lack tests",
  "high testing Critical area may lack tests",
  "high testing Critical area may lack tests",
  "high testing Critical area may lack tests",
  "high testing Critical area may lack tests",
  "medium codeQuality Large file (429 lines)",
  "medium codeQuality Large file (428 lines)",
  "medium codeQuality Large file (427 lines)",
  "medium codeQuality Large file (426 lines)",
  "medium codeQuality Large file (425 lines)",
  "medium codeQuality Large file (424 lines)",
  "medium codeQuality Large file (423 lines)",
  "medium codeQuality Large file (422 lines)",
  "medium codeQuality Complex function scores (95 lines)",
  "medium codeQuality Complex function long0 (87 lines)",
  "medium codeQuality Complex function long1 (87 lines)",
  "medium codeQuality Complex function long2 (87 lines)",
  "medium codeQuality Complex function long3 (87 lines)",
  "medium codeQuality Complex function long4 (87 lines)",
  "medium codeQuality Complex function long5 (87 lines)",
  "medium codeQuality Complex function long6 (87 lines)",
  "medium codeQuality Complex function long7 (87 lines)",
  "medium codeQuality Complex function long8 (87 lines)",
  "medium codeQuality Complex function long9 (87 lines)",
  "medium security Missing rate limit",
  "low performance N+1 query",
]
`;

exports[`generateProjectReport (characterization) > scores the project and stores the report 3`] = `
{
  "architecture": "Layers are mixed.",
  "codeQuality": "Found 12 large file(s) and 14 complex function(s) using static heuristics.",
  "performance": "No hot spots.",
  "security": "Pattern scan found 13 potential hardcoded secret hit(s). Input is validated.",
  "testing": "Matched test files for roughly 4% of source files (2 test files found).",
}
`;
